warning: could not convert 'main' from the host encoding (CP1252) to UTF-32.
This normally should not happen, please file a bug report.
`C:\Users\domin\Desktop\_repo\X2CityMCU\target\thumbv7em-none-eabihf\release\X2CityMCU' has changed; re-reading symbols.
0x0800600c in ?? ()
[stm32h723vgt6.cpu0] halted due to debug-request, current mode: Thread 
xPSR: 0x01000000 pc: 0x08001f74 msp: 0x20020000
Loading section .vectors, size 0x2cc lma 0x8000000
Loading section .text, size 0x34d0 lma 0x80002d0
Loading section .ARM.exidx, size 0x18 lma 0x80037a0
Loading section .itcm_text, size 0xf8 lma 0x80037b8
Loading section .dtcm_data, size 0x30 lma 0x80038b8
Loading section .data, size 0x4 lma 0x80038e8
Start address 0x080002d0, load size 14560
Transfer rate: 10 KB/sec, 2426 bytes/write.
Section .vectors, range 0x8000000 -- 0x80002cc: matched.
Section .text, range 0x80002d0 -- 0x80037a0: matched.
Section .ARM.exidx, range 0x80037a0 -- 0x80037b8: matched.
Section .itcm_text, range 0x80037b8 -- 0x80038b0: matched.
Section .dtcm_data, range 0x80038b8 -- 0x80038e8: matched.
Section .data, range 0x80038e8 -- 0x80038ec: matched.
[stm32h723vgt6.cpu0] halted due to debug-request, current mode: Thread 
xPSR: 0x61000000 pc: 0x08001d28 psp: 0x200006f8

--- H723 register snapshot after 30 seconds ---
0x5c001000: 10016483 
0x1ff1e880: 0400 
0x58024800: f000c000 00002000 00000000 00000042 00000000 00000007 00002000 
0x58024400: 0303c025 40000b0b 00000150 20000086 0000001b 00000000 00000048 00000440 
0x58024420: 00000040 00000000 02020052 01f90008 0101006d 00000000 
0x52002000: 00000033 
0x52002070: 00000004 00000004 
0x58000748: 00000001 
0x58021000: ffffff7f 00000000 00000000 00000000 00000008 00000008 
0x40011000: 2000000d 00000000 00000000 000004aa 00000000 00000000 00000000 08e000d0 
0x40011020: 00000000 00000000 00000000 00000000 
0x50003000: 000000ee 00001861 00000001 
0x580244a0: 00000001 
0xe000ed24: 00000000 00000000 00000000 
0xe000ed08: 20000000 
0xe000ef34: 80000000 
pc             0x8001d28           0x8001d28 <X2CityMCU::background+8>
msp            0x2001ffe8          0x2001ffe8
psp            0x200006f8          0x200006f8 <X2CityMCU::mcu::TASK_BACKGROUND+1016>
control        0x2                 2
primask        0x0                 0
xpsr           0x61000000          1627389952
$1 = X2CityMCU::mcu::program_flow::ProgramFlowState::Running
$2 = X2CityMCU::mcu::program_flow::ProgramFlowFault::None
$3 = 3009
$4 = 16549511096
$5 = X2CityMCU::os::task::TaskControl {sp: 536874776, status: X2CityMCU::os::task::TaskStatus::Ready, cycletime: X2CityMCU::os::task::TaskCycleTime::_5MS, id: 0, cyclic: core::option::Option<extern "C" fn(u64)>::Some(0x39 <X2CityMCU::mcu::deployment::tsk_1_5ms>), role: X2CityMCU::os::task::TaskRole::Supervised, timestamp_us: 30090000, next_release_us: 30095000, missed_releases: 0}
$6 = X2CityMCU::os::task::TaskControl {sp: 536873704, status: X2CityMCU::os::task::TaskStatus::Ready, cycletime: X2CityMCU::os::task::TaskCycleTime::_10MS, id: 1, cyclic: core::option::Option<extern "C" fn(u64)>::Some(0x1 <X2CityMCU::mcu::deployment::tsk_pfm_10ms>), role: X2CityMCU::os::task::TaskRole::Unsupervised, timestamp_us: 30090000, next_release_us: 30100000, missed_releases: 0}
[stm32h723vgt6.cpu0] halted due to debug-request, current mode: Thread 
xPSR: 0x61000000 pc: 0x08001d2c psp: 0x200006f8
$7 = 3209
PASS: H723 clock, memory, GPIO, UART configuration and scheduler/watchdog soak
[stm32h723vgt6.cpu0] external reset detected
[stm32h723vgt6.cpu0] halted due to debug-request, current mode: Thread 
xPSR: 0x61000000 pc: 0x08001d28 psp: 0x200006f8
0x580244d0: 10420000 
$8 = 19
PASS: watchdog reset and firmware restart after omitted servicing
[stm32h723vgt6.cpu0] halted due to debug-request, current mode: Thread 
xPSR: 0x61000000 pc: 0x08001d2c psp: 0x200006f8
$9 = 220
PASS: scheduling recovered after watchdog reset
[stm32h723vgt6.cpu0] halted due to debug-request, current mode: Thread 
xPSR: 0x61000000 pc: 0x08001d28 psp: 0x200006f8
[stm32h723vgt6.cpu0] halted due to debug-request, current mode: Thread 
xPSR: 0x61000000 pc: 0x08001d28 psp: 0x200006f8
[stm32h723vgt6.cpu0] halted due to debug-request, current mode: Thread 
xPSR: 0x61000000 pc: 0x08001d2c psp: 0x200006f8
[stm32h723vgt6.cpu0] halted due to debug-request, current mode: Thread 
xPSR: 0x61000000 pc: 0x08001d28 psp: 0x200006f8
[stm32h723vgt6.cpu0] halted due to debug-request, current mode: Thread 
xPSR: 0x61000000 pc: 0x08001d28 psp: 0x200006f8
[stm32h723vgt6.cpu0] halted due to debug-request, current mode: Thread 
xPSR: 0x61000000 pc: 0x08001d28 psp: 0x200006f8
[stm32h723vgt6.cpu0] halted due to debug-request, current mode: Thread 
xPSR: 0x61000000 pc: 0x08001d2c psp: 0x200006f8
[stm32h723vgt6.cpu0] halted due to debug-request, current mode: Thread 
xPSR: 0x61000000 pc: 0x08001d2c psp: 0x200006f8
[stm32h723vgt6.cpu0] halted due to debug-request, current mode: Thread 
xPSR: 0x61000000 pc: 0x08001d2c psp: 0x200006f8
[stm32h723vgt6.cpu0] halted due to debug-request, current mode: Thread 
xPSR: 0x61000000 pc: 0x08001d2c psp: 0x200006f8
[stm32h723vgt6.cpu0] halted due to debug-request, current mode: Thread 
xPSR: 0x61000000 pc: 0x08001d28 psp: 0x200006f8
[stm32h723vgt6.cpu0] halted due to debug-request, current mode: Thread 
xPSR: 0x61000000 pc: 0x08001d2c psp: 0x200006f8
[stm32h723vgt6.cpu0] halted due to debug-request, current mode: Thread 
xPSR: 0x61000000 pc: 0x08001d28 psp: 0x200006f8
[stm32h723vgt6.cpu0] halted due to debug-request, current mode: Thread 
xPSR: 0x61000000 pc: 0x08001d2c psp: 0x200006f8
[stm32h723vgt6.cpu0] halted due to debug-request, current mode: Thread 
xPSR: 0x61000000 pc: 0x08001d2c psp: 0x200006f8
PASS: PE3 heartbeat high and low states observed
[Inferior 1 (Remote target) detached]
